// Jest Snapshot v1, https://goo.gl/fbAQLP

exports[`<Main /> should render the heading 1`] = `
<main
  class="styles__Container-sc-dzx1ao-0 fIuBde"
>
  <img
    alt="imagem de um átomo e React Avancado escrito ao lado"
    class="styles__Logo-sc-dzx1ao-1 dwiHcF"
    src="/images/svg/logo.svg"
  />
  <h1
    class="styles__Title-sc-dzx1ao-2 hBQRUr"
  >
    React Avançado
  </h1>
  <h2
    class="styles__Description-sc-dzx1ao-3 cWfoFI"
  >
    Typescript, ReactJS, ReactJS e Styled Components
  </h2>
  <img
    alt="Desenvolvedor de frente para tela com código"
    class="styles__Illustration-sc-dzx1ao-4 eJuOld"
    src="/images/svg/illustration.svg"
  />
</main>
`;

exports[`<Main/> should render the heading 1`] = `
<div>
  <h1>
    React Avançado
  </h1>
</div>
`;
